[2m오후 7:36:18[22m [31m[1m[vite][22m[39m [31mhttp proxy error: /auth/me[39m
Error: connect ECONNREFUSED 127.0.0.1:8111
    at TCPConnectWrap.afterConnect [as oncomplete] (node:net:1637:16)
[2m오후 7:36:18[22m [31m[1m[vite][22m[39m [31mhttp proxy error: /auth/me[39m
Error: connect ECONNREFUSED 127.0.0.1:8111
    at TCPConnectWrap.afterConnect [as oncomplete] (node:net:1637:16)
[2m오후 7:43:34[22m [31m[1m[vite][22m[39m [31mhttp proxy error: /auth/me[39m
Error: connect ECONNREFUSED 127.0.0.1:8111
    at TCPConnectWrap.afterConnect [as oncomplete] (node:net:1637:16)
[2m오후 7:43:34[22m [31m[1m[vite][22m[39m [31mhttp proxy error: /auth/me[39m
Error: connect ECONNREFUSED 127.0.0.1:8111
    at TCPConnectWrap.afterConnect [as oncomplete] (node:net:1637:16)
[2m오후 7:49:16[22m [31m[1m[vite][22m[39m [31mhttp proxy error: /auth/me[39m
Error: connect ECONNREFUSED 127.0.0.1:8111
    at TCPConnectWrap.afterConnect [as oncomplete] (node:net:1637:16)
[2m오후 7:49:16[22m [31m[1m[vite][22m[39m [31mhttp proxy error: /auth/me[39m
Error: connect ECONNREFUSED 127.0.0.1:8111
    at TCPConnectWrap.afterConnect [as oncomplete] (node:net:1637:16)
[2m오후 7:50:09[22m [31m[1m[vite][22m[39m [31mhttp proxy error: /auth/me[39m
Error: connect ECONNREFUSED 127.0.0.1:8111
    at TCPConnectWrap.afterConnect [as oncomplete] (node:net:1637:16)
[2m오후 7:50:09[22m [31m[1m[vite][22m[39m [31mhttp proxy error: /auth/me[39m
Error: connect ECONNREFUSED 127.0.0.1:8111
    at TCPConnectWrap.afterConnect [as oncomplete] (node:net:1637:16)
[2m오후 7:50:32[22m [31m[1m[vite][22m[39m [31mhttp proxy error: /health[39m
Error: connect ECONNREFUSED 127.0.0.1:8111
    at TCPConnectWrap.afterConnect [as oncomplete] (node:net:1637:16)
[2m오후 7:51:43[22m [31m[1m[vite][22m[39m [31mhttp proxy error: /auth/me[39m
Error: connect ECONNREFUSED 127.0.0.1:8111
    at TCPConnectWrap.afterConnect [as oncomplete] (node:net:1637:16)
[2m오후 7:51:43[22m [31m[1m[vite][22m[39m [31mhttp proxy error: /auth/me[39m
Error: connect ECONNREFUSED 127.0.0.1:8111
    at TCPConnectWrap.afterConnect [as oncomplete] (node:net:1637:16)
[2m오후 8:34:36[22m [31m[1m[vite][22m[39m [31mInternal server error: C:\Users\rohsh\Projects\monorepo\LabNote\frontend\src\pages\AdminPage.tsx: Expected corresponding JSX closing tag for <section>. (262:10)

[0m [90m 260 |[31m             [33m<[31m[33m/[31m[33mdiv[31m[33m>[31m
 [90m 261 |[31m           )}
[31m[1m>[22m[31m[90m 262 |[31m           [33m<[31m[33m/[31m[33mbutton[31m[33m>[31m
 [90m     |[31m           [31m[1m^[22m[31m
 [90m 263 |[31m         ))}
 [90m 264 |[31m       [33m<[31m[33m/[31m[33mnav[31m[33m>[31m
 [90m 265 |[31m[0m[39m
  Plugin: [35mvite:react-babel[39m
  File: [36mC:/Users/rohsh/Projects/monorepo/LabNote/frontend/src/pages/AdminPage.tsx[39m:262:10
[33m  260|              </div>
  261|            )}
  262|            </button>
     |            ^
  263|          ))}
  264|        </nav>[39m
      at constructor (C:\Users\rohsh\Projects\monorepo\LabNote\frontend\node_modules\@babel\parser\lib\index.js:365:19)
      at TypeScriptParserMixin.raise (C:\Users\rohsh\Projects\monorepo\LabNote\frontend\node_modules\@babel\parser\lib\index.js:6599:19)
      at TypeScriptParserMixin.jsxParseElementAt (C:\Users\rohsh\Projects\monorepo\LabNote\frontend\node_modules\@babel\parser\lib\index.js:4727:16)
      at TypeScriptParserMixin.jsxParseElementAt (C:\Users\rohsh\Projects\monorepo\LabNote\frontend\node_modules\@babel\parser\lib\index.js:4698:32)
      at TypeScriptParserMixin.jsxParseElementAt (C:\Users\rohsh\Projects\monorepo\LabNote\frontend\node_modules\@babel\parser\lib\index.js:4698:32)
      at TypeScriptParserMixin.jsxParseElement (C:\Users\rohsh\Projects\monorepo\LabNote\frontend\node_modules\@babel\parser\lib\index.js:4749:17)
      at TypeScriptParserMixin.parseExprAtom (C:\Users\rohsh\Projects\monorepo\LabNote\frontend\node_modules\@babel\parser\lib\index.js:4759:19)
      at TypeScriptParserMixin.parseExprSubscripts (C:\Users\rohsh\Projects\monorepo\LabNote\frontend\node_modules\@babel\parser\lib\index.js:11081:23)
      at TypeScriptParserMixin.parseUpdate (C:\Users\rohsh\Projects\monorepo\LabNote\frontend\node_modules\@babel\parser\lib\index.js:11066:21)
      at TypeScriptParserMixin.parseMaybeUnary (C:\Users\rohsh\Projects\monorepo\LabNote\frontend\node_modules\@babel\parser\lib\index.js:11046:23)
      at TypeScriptParserMixin.parseMaybeUnary (C:\Users\rohsh\Projects\monorepo\LabNote\frontend\node_modules\@babel\parser\lib\index.js:9837:18)
      at TypeScriptParserMixin.parseMaybeUnaryOrPrivate (C:\Users\rohsh\Projects\monorepo\LabNote\frontend\node_modules\@babel\parser\lib\index.js:10899:61)
      at TypeScriptParserMixin.parseExprOps (C:\Users\rohsh\Projects\monorepo\LabNote\frontend\node_modules\@babel\parser\lib\index.js:10904:23)
      at TypeScriptParserMixin.parseMaybeConditional (C:\Users\rohsh\Projects\monorepo\LabNote\frontend\node_modules\@babel\parser\lib\index.js:10881:23)
      at TypeScriptParserMixin.parseMaybeAssign (C:\Users\rohsh\Projects\monorepo\LabNote\frontend\node_modules\@babel\parser\lib\index.js:10831:21)
      at C:\Users\rohsh\Projects\monorepo\LabNote\frontend\node_modules\@babel\parser\lib\index.js:9775:39
      at TypeScriptParserMixin.tryParse (C:\Users\rohsh\Projects\monorepo\LabNote\frontend\node_modules\@babel\parser\lib\index.js:6907:20)
      at TypeScriptParserMixin.parseMaybeAssign (C:\Users\rohsh\Projects\monorepo\LabNote\frontend\node_modules\@babel\parser\lib\index.js:9775:18)
      at C:\Users\rohsh\Projects\monorepo\LabNote\frontend\node_modules\@babel\parser\lib\index.js:10800:39
      at TypeScriptParserMixin.allowInAnd (C:\Users\rohsh\Projects\monorepo\LabNote\frontend\node_modules\@babel\parser\lib\index.js:12426:12)
      at TypeScriptParserMixin.parseMaybeAssignAllowIn (C:\Users\rohsh\Projects\monorepo\LabNote\frontend\node_modules\@babel\parser\lib\index.js:10800:17)
      at TypeScriptParserMixin.parseMaybeAssignAllowInOrVoidPattern (C:\Users\rohsh\Projects\monorepo\LabNote\frontend\node_modules\@babel\parser\lib\index.js:12493:17)
      at TypeScriptParserMixin.parseParenAndDistinguishExpression (C:\Users\rohsh\Projects\monorepo\LabNote\frontend\node_modules\@babel\parser\lib\index.js:11675:28)
      at TypeScriptParserMixin.parseExprAtom (C:\Users\rohsh\Projects\monorepo\LabNote\frontend\node_modules\@babel\parser\lib\index.js:11331:23)
      at TypeScriptParserMixin.parseExprAtom (C:\Users\rohsh\Projects\monorepo\LabNote\frontend\node_modules\@babel\parser\lib\index.js:4764:20)
      at TypeScriptParserMixin.parseExprSubscripts (C:\Users\rohsh\Projects\monorepo\LabNote\frontend\node_modules\@babel\parser\lib\index.js:11081:23)
      at TypeScriptParserMixin.parseUpdate (C:\Users\rohsh\Projects\monorepo\LabNote\frontend\node_modules\@babel\parser\lib\index.js:11066:21)
      at TypeScriptParserMixin.parseMaybeUnary (C:\Users\rohsh\Projects\monorepo\LabNote\frontend\node_modules\@babel\parser\lib\index.js:11046:23)
      at TypeScriptParserMixin.parseMaybeUnary (C:\Users\rohsh\Projects\monorepo\LabNote\frontend\node_modules\@babel\parser\lib\index.js:9837:18)
      at TypeScriptParserMixin.parseMaybeUnaryOrPrivate (C:\Users\rohsh\Projects\monorepo\LabNote\frontend\node_modules\@babel\parser\lib\index.js:10899:61)
      at TypeScriptParserMixin.parseExprOps (C:\Users\rohsh\Projects\monorepo\LabNote\frontend\node_modules\@babel\parser\lib\index.js:10904:23)
      at TypeScriptParserMixin.parseMaybeConditional (C:\Users\rohsh\Projects\monorepo\LabNote\frontend\node_modules\@babel\parser\lib\index.js:10881:23)
      at TypeScriptParserMixin.parseMaybeAssign (C:\Users\rohsh\Projects\monorepo\LabNote\frontend\node_modules\@babel\parser\lib\index.js:10831:21)
      at TypeScriptParserMixin.parseMaybeAssign (C:\Users\rohsh\Projects\monorepo\LabNote\frontend\node_modules\@babel\parser\lib\index.js:9786:20)
      at TypeScriptParserMixin.parseExpressionBase (C:\Users\rohsh\Projects\monorepo\LabNote\frontend\node_modules\@babel\parser\lib\index.js:10784:23)
      at C:\Users\rohsh\Projects\monorepo\LabNote\frontend\node_modules\@babel\parser\lib\index.js:10780:39
      at TypeScriptParserMixin.allowInAnd (C:\Users\rohsh\Projects\monorepo\LabNote\frontend\node_modules\@babel\parser\lib\index.js:12421:16)
      at TypeScriptParserMixin.parseExpression (C:\Users\rohsh\Projects\monorepo\LabNote\frontend\node_modules\@babel\parser\lib\index.js:10780:17)
      at TypeScriptParserMixin.parseReturnStatement (C:\Users\rohsh\Projects\monorepo\LabNote\frontend\node_modules\@babel\parser\lib\index.js:13142:28)
      at TypeScriptParserMixin.parseStatementContent (C:\Users\rohsh\Projects\monorepo\LabNote\frontend\node_modules\@babel\parser\lib\index.js:12798:21)
      at TypeScriptParserMixin.parseStatementContent (C:\Users\rohsh\Projects\monorepo\LabNote\frontend\node_modules\@babel\parser\lib\index.js:9508:18)
      at TypeScriptParserMixin.parseStatementLike (C:\Users\rohsh\Projects\monorepo\LabNote\frontend\node_modules\@babel\parser\lib\index.js:12767:17)
      at TypeScriptParserMixin.parseStatementListItem (C:\Users\rohsh\Projects\monorepo\LabNote\frontend\node_modules\@babel\parser\lib\index.js:12747:17)
      at TypeScriptParserMixin.parseBlockOrModuleBlockBody (C:\Users\rohsh\Projects\monorepo\LabNote\frontend\node_modules\@babel\parser\lib\index.js:13316:61)
      at TypeScriptParserMixin.parseBlockBody (C:\Users\rohsh\Projects\monorepo\LabNote\frontend\node_modules\@babel\parser\lib\index.js:13309:10)
      at TypeScriptParserMixin.parseBlock (C:\Users\rohsh\Projects\monorepo\LabNote\frontend\node_modules\@babel\parser\lib\index.js:13297:10)
      at TypeScriptParserMixin.parseFunctionBody (C:\Users\rohsh\Projects\monorepo\LabNote\frontend\node_modules\@babel\parser\lib\index.js:12100:24)
      at TypeScriptParserMixin.parseFunctionBodyAndFinish (C:\Users\rohsh\Projects\monorepo\LabNote\frontend\node_modules\@babel\parser\lib\index.js:12086:10)
      at TypeScriptParserMixin.parseFunctionBodyAndFinish (C:\Users\rohsh\Projects\monorepo\LabNote\frontend\node_modules\@babel\parser\lib\index.js:9172:18)
      at C:\Users\rohsh\Projects\monorepo\LabNote\frontend\node_modules\@babel\parser\lib\index.js:13445:12
[2m오후 8:34:36[22m [31m[1m[vite][22m[39m [31mInternal server error: C:\Users\rohsh\Projects\monorepo\LabNote\frontend\src\pages\AdminPage.tsx: Expected corresponding JSX closing tag for <section>. (262:10)

[0m [90m 260 |[31m             [33m<[31m[33m/[31m[33mdiv[31m[33m>[31m
 [90m 261 |[31m           )}
[31m[1m>[22m[31m[90m 262 |[31m           [33m<[31m[33m/[31m[33mbutton[31m[33m>[31m
 [90m     |[31m           [31m[1m^[22m[31m
 [90m 263 |[31m         ))}
 [90m 264 |[31m       [33m<[31m[33m/[31m[33mnav[31m[33m>[31m
 [90m 265 |[31m[0m[39m
  Plugin: [35mvite:react-babel[39m
  File: [36mC:/Users/rohsh/Projects/monorepo/LabNote/frontend/src/pages/AdminPage.tsx[39m:262:10
[33m  260|              </div>
  261|            )}
  262|            </button>
     |            ^
  263|          ))}
  264|        </nav>[39m
      at constructor (C:\Users\rohsh\Projects\monorepo\LabNote\frontend\node_modules\@babel\parser\lib\index.js:365:19)
      at TypeScriptParserMixin.raise (C:\Users\rohsh\Projects\monorepo\LabNote\frontend\node_modules\@babel\parser\lib\index.js:6599:19)
      at TypeScriptParserMixin.jsxParseElementAt (C:\Users\rohsh\Projects\monorepo\LabNote\frontend\node_modules\@babel\parser\lib\index.js:4727:16)
      at TypeScriptParserMixin.jsxParseElementAt (C:\Users\rohsh\Projects\monorepo\LabNote\frontend\node_modules\@babel\parser\lib\index.js:4698:32)
      at TypeScriptParserMixin.jsxParseElementAt (C:\Users\rohsh\Projects\monorepo\LabNote\frontend\node_modules\@babel\parser\lib\index.js:4698:32)
      at TypeScriptParserMixin.jsxParseElement (C:\Users\rohsh\Projects\monorepo\LabNote\frontend\node_modules\@babel\parser\lib\index.js:4749:17)
      at TypeScriptParserMixin.parseExprAtom (C:\Users\rohsh\Projects\monorepo\LabNote\frontend\node_modules\@babel\parser\lib\index.js:4759:19)
      at TypeScriptParserMixin.parseExprSubscripts (C:\Users\rohsh\Projects\monorepo\LabNote\frontend\node_modules\@babel\parser\lib\index.js:11081:23)
      at TypeScriptParserMixin.parseUpdate (C:\Users\rohsh\Projects\monorepo\LabNote\frontend\node_modules\@babel\parser\lib\index.js:11066:21)
      at TypeScriptParserMixin.parseMaybeUnary (C:\Users\rohsh\Projects\monorepo\LabNote\frontend\node_modules\@babel\parser\lib\index.js:11046:23)
      at TypeScriptParserMixin.parseMaybeUnary (C:\Users\rohsh\Projects\monorepo\LabNote\frontend\node_modules\@babel\parser\lib\index.js:9837:18)
      at TypeScriptParserMixin.parseMaybeUnaryOrPrivate (C:\Users\rohsh\Projects\monorepo\LabNote\frontend\node_modules\@babel\parser\lib\index.js:10899:61)
      at TypeScriptParserMixin.parseExprOps (C:\Users\rohsh\Projects\monorepo\LabNote\frontend\node_modules\@babel\parser\lib\index.js:10904:23)
      at TypeScriptParserMixin.parseMaybeConditional (C:\Users\rohsh\Projects\monorepo\LabNote\frontend\node_modules\@babel\parser\lib\index.js:10881:23)
      at TypeScriptParserMixin.parseMaybeAssign (C:\Users\rohsh\Projects\monorepo\LabNote\frontend\node_modules\@babel\parser\lib\index.js:10831:21)
      at C:\Users\rohsh\Projects\monorepo\LabNote\frontend\node_modules\@babel\parser\lib\index.js:9775:39
      at TypeScriptParserMixin.tryParse (C:\Users\rohsh\Projects\monorepo\LabNote\frontend\node_modules\@babel\parser\lib\index.js:6907:20)
      at TypeScriptParserMixin.parseMaybeAssign (C:\Users\rohsh\Projects\monorepo\LabNote\frontend\node_modules\@babel\parser\lib\index.js:9775:18)
      at C:\Users\rohsh\Projects\monorepo\LabNote\frontend\node_modules\@babel\parser\lib\index.js:10800:39
      at TypeScriptParserMixin.allowInAnd (C:\Users\rohsh\Projects\monorepo\LabNote\frontend\node_modules\@babel\parser\lib\index.js:12426:12)
      at TypeScriptParserMixin.parseMaybeAssignAllowIn (C:\Users\rohsh\Projects\monorepo\LabNote\frontend\node_modules\@babel\parser\lib\index.js:10800:17)
      at TypeScriptParserMixin.parseMaybeAssignAllowInOrVoidPattern (C:\Users\rohsh\Projects\monorepo\LabNote\frontend\node_modules\@babel\parser\lib\index.js:12493:17)
      at TypeScriptParserMixin.parseParenAndDistinguishExpression (C:\Users\rohsh\Projects\monorepo\LabNote\frontend\node_modules\@babel\parser\lib\index.js:11675:28)
      at TypeScriptParserMixin.parseExprAtom (C:\Users\rohsh\Projects\monorepo\LabNote\frontend\node_modules\@babel\parser\lib\index.js:11331:23)
      at TypeScriptParserMixin.parseExprAtom (C:\Users\rohsh\Projects\monorepo\LabNote\frontend\node_modules\@babel\parser\lib\index.js:4764:20)
      at TypeScriptParserMixin.parseExprSubscripts (C:\Users\rohsh\Projects\monorepo\LabNote\frontend\node_modules\@babel\parser\lib\index.js:11081:23)
      at TypeScriptParserMixin.parseUpdate (C:\Users\rohsh\Projects\monorepo\LabNote\frontend\node_modules\@babel\parser\lib\index.js:11066:21)
      at TypeScriptParserMixin.parseMaybeUnary (C:\Users\rohsh\Projects\monorepo\LabNote\frontend\node_modules\@babel\parser\lib\index.js:11046:23)
      at TypeScriptParserMixin.parseMaybeUnary (C:\Users\rohsh\Projects\monorepo\LabNote\frontend\node_modules\@babel\parser\lib\index.js:9837:18)
      at TypeScriptParserMixin.parseMaybeUnaryOrPrivate (C:\Users\rohsh\Projects\monorepo\LabNote\frontend\node_modules\@babel\parser\lib\index.js:10899:61)
      at TypeScriptParserMixin.parseExprOps (C:\Users\rohsh\Projects\monorepo\LabNote\frontend\node_modules\@babel\parser\lib\index.js:10904:23)
      at TypeScriptParserMixin.parseMaybeConditional (C:\Users\rohsh\Projects\monorepo\LabNote\frontend\node_modules\@babel\parser\lib\index.js:10881:23)
      at TypeScriptParserMixin.parseMaybeAssign (C:\Users\rohsh\Projects\monorepo\LabNote\frontend\node_modules\@babel\parser\lib\index.js:10831:21)
      at TypeScriptParserMixin.parseMaybeAssign (C:\Users\rohsh\Projects\monorepo\LabNote\frontend\node_modules\@babel\parser\lib\index.js:9786:20)
      at TypeScriptParserMixin.parseExpressionBase (C:\Users\rohsh\Projects\monorepo\LabNote\frontend\node_modules\@babel\parser\lib\index.js:10784:23)
      at C:\Users\rohsh\Projects\monorepo\LabNote\frontend\node_modules\@babel\parser\lib\index.js:10780:39
      at TypeScriptParserMixin.allowInAnd (C:\Users\rohsh\Projects\monorepo\LabNote\frontend\node_modules\@babel\parser\lib\index.js:12421:16)
      at TypeScriptParserMixin.parseExpression (C:\Users\rohsh\Projects\monorepo\LabNote\frontend\node_modules\@babel\parser\lib\index.js:10780:17)
      at TypeScriptParserMixin.parseReturnStatement (C:\Users\rohsh\Projects\monorepo\LabNote\frontend\node_modules\@babel\parser\lib\index.js:13142:28)
      at TypeScriptParserMixin.parseStatementContent (C:\Users\rohsh\Projects\monorepo\LabNote\frontend\node_modules\@babel\parser\lib\index.js:12798:21)
      at TypeScriptParserMixin.parseStatementContent (C:\Users\rohsh\Projects\monorepo\LabNote\frontend\node_modules\@babel\parser\lib\index.js:9508:18)
      at TypeScriptParserMixin.parseStatementLike (C:\Users\rohsh\Projects\monorepo\LabNote\frontend\node_modules\@babel\parser\lib\index.js:12767:17)
      at TypeScriptParserMixin.parseStatementListItem (C:\Users\rohsh\Projects\monorepo\LabNote\frontend\node_modules\@babel\parser\lib\index.js:12747:17)
      at TypeScriptParserMixin.parseBlockOrModuleBlockBody (C:\Users\rohsh\Projects\monorepo\LabNote\frontend\node_modules\@babel\parser\lib\index.js:13316:61)
      at TypeScriptParserMixin.parseBlockBody (C:\Users\rohsh\Projects\monorepo\LabNote\frontend\node_modules\@babel\parser\lib\index.js:13309:10)
      at TypeScriptParserMixin.parseBlock (C:\Users\rohsh\Projects\monorepo\LabNote\frontend\node_modules\@babel\parser\lib\index.js:13297:10)
      at TypeScriptParserMixin.parseFunctionBody (C:\Users\rohsh\Projects\monorepo\LabNote\frontend\node_modules\@babel\parser\lib\index.js:12100:24)
      at TypeScriptParserMixin.parseFunctionBodyAndFinish (C:\Users\rohsh\Projects\monorepo\LabNote\frontend\node_modules\@babel\parser\lib\index.js:12086:10)
      at TypeScriptParserMixin.parseFunctionBodyAndFinish (C:\Users\rohsh\Projects\monorepo\LabNote\frontend\node_modules\@babel\parser\lib\index.js:9172:18)
      at C:\Users\rohsh\Projects\monorepo\LabNote\frontend\node_modules\@babel\parser\lib\index.js:13445:12
[2m오후 8:35:25[22m [31m[1m[vite][22m[39m [31mInternal server error: C:\Users\rohsh\Projects\monorepo\LabNote\frontend\src\pages\AdminPage.tsx: Unterminated JSX contents. (485:10)

[0m [90m 483 |[31m         {error [33m&&[31m [33m<[31m[33mp[31m className[33m=[31m[32m"error"[31m[33m>[31m{error}[33m<[31m[33m/[31m[33mp[31m[33m>[31m}
 [90m 484 |[31m       [33m<[31m[33m/[31m[33msection[31m[33m>[31m
[31m[1m>[22m[31m[90m 485 |[31m     [33m<[31m[33m/[31m[33mdiv[31m[33m>[31m
 [90m     |[31m           [31m[1m^[22m[31m
 [90m 486 |[31m   )[33m;[31m
 [90m 487 |[31m }
 [90m 488 |[31m[0m[39m
  Plugin: [35mvite:react-babel[39m
  File: [36mC:/Users/rohsh/Projects/monorepo/LabNote/frontend/src/pages/AdminPage.tsx[39m:485:10
[33m  483|          {error && <p className="error">{error}</p>}
  484|        </section>
  485|      </div>
     |            ^
  486|    );
  487|  }[39m
      at constructor (C:\Users\rohsh\Projects\monorepo\LabNote\frontend\node_modules\@babel\parser\lib\index.js:365:19)
      at TypeScriptParserMixin.raise (C:\Users\rohsh\Projects\monorepo\LabNote\frontend\node_modules\@babel\parser\lib\index.js:6599:19)
      at TypeScriptParserMixin.jsxReadToken (C:\Users\rohsh\Projects\monorepo\LabNote\frontend\node_modules\@babel\parser\lib\index.js:4448:20)
      at TypeScriptParserMixin.getTokenFromCode (C:\Users\rohsh\Projects\monorepo\LabNote\frontend\node_modules\@babel\parser\lib\index.js:4774:12)
      at TypeScriptParserMixin.getTokenFromCode (C:\Users\rohsh\Projects\monorepo\LabNote\frontend\node_modules\@babel\parser\lib\index.js:9987:11)
      at TypeScriptParserMixin.nextToken (C:\Users\rohsh\Projects\monorepo\LabNote\frontend\node_modules\@babel\parser\lib\index.js:5782:10)
      at TypeScriptParserMixin.next (C:\Users\rohsh\Projects\monorepo\LabNote\frontend\node_modules\@babel\parser\lib\index.js:5692:10)
      at TypeScriptParserMixin.eat (C:\Users\rohsh\Projects\monorepo\LabNote\frontend\node_modules\@babel\parser\lib\index.js:5696:12)
      at TypeScriptParserMixin.expect (C:\Users\rohsh\Projects\monorepo\LabNote\frontend\node_modules\@babel\parser\lib\index.js:6898:15)
      at TypeScriptParserMixin.jsxParseClosingElementAt (C:\Users\rohsh\Projects\monorepo\LabNote\frontend\node_modules\@babel\parser\lib\index.js:4680:10)
      at TypeScriptParserMixin.jsxParseElementAt (C:\Users\rohsh\Projects\monorepo\LabNote\frontend\node_modules\@babel\parser\lib\index.js:4695:37)
      at TypeScriptParserMixin.jsxParseElementAt (C:\Users\rohsh\Projects\monorepo\LabNote\frontend\node_modules\@babel\parser\lib\index.js:4698:32)
      at TypeScriptParserMixin.jsxParseElement (C:\Users\rohsh\Projects\monorepo\LabNote\frontend\node_modules\@babel\parser\lib\index.js:4749:17)
      at TypeScriptParserMixin.parseExprAtom (C:\Users\rohsh\Projects\monorepo\LabNote\frontend\node_modules\@babel\parser\lib\index.js:4759:19)
      at TypeScriptParserMixin.parseExprSubscripts (C:\Users\rohsh\Projects\monorepo\LabNote\frontend\node_modules\@babel\parser\lib\index.js:11081:23)
      at TypeScriptParserMixin.parseUpdate (C:\Users\rohsh\Projects\monorepo\LabNote\frontend\node_modules\@babel\parser\lib\index.js:11066:21)
      at TypeScriptParserMixin.parseMaybeUnary (C:\Users\rohsh\Projects\monorepo\LabNote\frontend\node_modules\@babel\parser\lib\index.js:11046:23)
      at TypeScriptParserMixin.parseMaybeUnary (C:\Users\rohsh\Projects\monorepo\LabNote\frontend\node_modules\@babel\parser\lib\index.js:9837:18)
      at TypeScriptParserMixin.parseMaybeUnaryOrPrivate (C:\Users\rohsh\Projects\monorepo\LabNote\frontend\node_modules\@babel\parser\lib\index.js:10899:61)
      at TypeScriptParserMixin.parseExprOps (C:\Users\rohsh\Projects\monorepo\LabNote\frontend\node_modules\@babel\parser\lib\index.js:10904:23)
      at TypeScriptParserMixin.parseMaybeConditional (C:\Users\rohsh\Projects\monorepo\LabNote\frontend\node_modules\@babel\parser\lib\index.js:10881:23)
      at TypeScriptParserMixin.parseMaybeAssign (C:\Users\rohsh\Projects\monorepo\LabNote\frontend\node_modules\@babel\parser\lib\index.js:10831:21)
      at C:\Users\rohsh\Projects\monorepo\LabNote\frontend\node_modules\@babel\parser\lib\index.js:9775:39
      at TypeScriptParserMixin.tryParse (C:\Users\rohsh\Projects\monorepo\LabNote\frontend\node_modules\@babel\parser\lib\index.js:6907:20)
      at TypeScriptParserMixin.parseMaybeAssign (C:\Users\rohsh\Projects\monorepo\LabNote\frontend\node_modules\@babel\parser\lib\index.js:9775:18)
      at C:\Users\rohsh\Projects\monorepo\LabNote\frontend\node_modules\@babel\parser\lib\index.js:10800:39
      at TypeScriptParserMixin.allowInAnd (C:\Users\rohsh\Projects\monorepo\LabNote\frontend\node_modules\@babel\parser\lib\index.js:12426:12)
      at TypeScriptParserMixin.parseMaybeAssignAllowIn (C:\Users\rohsh\Projects\monorepo\LabNote\frontend\node_modules\@babel\parser\lib\index.js:10800:17)
      at TypeScriptParserMixin.parseMaybeAssignAllowInOrVoidPattern (C:\Users\rohsh\Projects\monorepo\LabNote\frontend\node_modules\@babel\parser\lib\index.js:12493:17)
      at TypeScriptParserMixin.parseParenAndDistinguishExpression (C:\Users\rohsh\Projects\monorepo\LabNote\frontend\node_modules\@babel\parser\lib\index.js:11675:28)
      at TypeScriptParserMixin.parseExprAtom (C:\Users\rohsh\Projects\monorepo\LabNote\frontend\node_modules\@babel\parser\lib\index.js:11331:23)
      at TypeScriptParserMixin.parseExprAtom (C:\Users\rohsh\Projects\monorepo\LabNote\frontend\node_modules\@babel\parser\lib\index.js:4764:20)
      at TypeScriptParserMixin.parseExprSubscripts (C:\Users\rohsh\Projects\monorepo\LabNote\frontend\node_modules\@babel\parser\lib\index.js:11081:23)
      at TypeScriptParserMixin.parseUpdate (C:\Users\rohsh\Projects\monorepo\LabNote\frontend\node_modules\@babel\parser\lib\index.js:11066:21)
      at TypeScriptParserMixin.parseMaybeUnary (C:\Users\rohsh\Projects\monorepo\LabNote\frontend\node_modules\@babel\parser\lib\index.js:11046:23)
      at TypeScriptParserMixin.parseMaybeUnary (C:\Users\rohsh\Projects\monorepo\LabNote\frontend\node_modules\@babel\parser\lib\index.js:9837:18)
      at TypeScriptParserMixin.parseMaybeUnaryOrPrivate (C:\Users\rohsh\Projects\monorepo\LabNote\frontend\node_modules\@babel\parser\lib\index.js:10899:61)
      at TypeScriptParserMixin.parseExprOps (C:\Users\rohsh\Projects\monorepo\LabNote\frontend\node_modules\@babel\parser\lib\index.js:10904:23)
      at TypeScriptParserMixin.parseMaybeConditional (C:\Users\rohsh\Projects\monorepo\LabNote\frontend\node_modules\@babel\parser\lib\index.js:10881:23)
      at TypeScriptParserMixin.parseMaybeAssign (C:\Users\rohsh\Projects\monorepo\LabNote\frontend\node_modules\@babel\parser\lib\index.js:10831:21)
      at TypeScriptParserMixin.parseMaybeAssign (C:\Users\rohsh\Projects\monorepo\LabNote\frontend\node_modules\@babel\parser\lib\index.js:9786:20)
      at TypeScriptParserMixin.parseExpressionBase (C:\Users\rohsh\Projects\monorepo\LabNote\frontend\node_modules\@babel\parser\lib\index.js:10784:23)
      at C:\Users\rohsh\Projects\monorepo\LabNote\frontend\node_modules\@babel\parser\lib\index.js:10780:39
      at TypeScriptParserMixin.allowInAnd (C:\Users\rohsh\Projects\monorepo\LabNote\frontend\node_modules\@babel\parser\lib\index.js:12421:16)
      at TypeScriptParserMixin.parseExpression (C:\Users\rohsh\Projects\monorepo\LabNote\frontend\node_modules\@babel\parser\lib\index.js:10780:17)
      at TypeScriptParserMixin.parseReturnStatement (C:\Users\rohsh\Projects\monorepo\LabNote\frontend\node_modules\@babel\parser\lib\index.js:13142:28)
      at TypeScriptParserMixin.parseStatementContent (C:\Users\rohsh\Projects\monorepo\LabNote\frontend\node_modules\@babel\parser\lib\index.js:12798:21)
      at TypeScriptParserMixin.parseStatementContent (C:\Users\rohsh\Projects\monorepo\LabNote\frontend\node_modules\@babel\parser\lib\index.js:9508:18)
      at TypeScriptParserMixin.parseStatementLike (C:\Users\rohsh\Projects\monorepo\LabNote\frontend\node_modules\@babel\parser\lib\index.js:12767:17)
      at TypeScriptParserMixin.parseStatementListItem (C:\Users\rohsh\Projects\monorepo\LabNote\frontend\node_modules\@babel\parser\lib\index.js:12747:17)
[2m오후 8:35:25[22m [31m[1m[vite][22m[39m [31mInternal server error: C:\Users\rohsh\Projects\monorepo\LabNote\frontend\src\pages\AdminPage.tsx: Unterminated JSX contents. (485:10)

[0m [90m 483 |[31m         {error [33m&&[31m [33m<[31m[33mp[31m className[33m=[31m[32m"error"[31m[33m>[31m{error}[33m<[31m[33m/[31m[33mp[31m[33m>[31m}
 [90m 484 |[31m       [33m<[31m[33m/[31m[33msection[31m[33m>[31m
[31m[1m>[22m[31m[90m 485 |[31m     [33m<[31m[33m/[31m[33mdiv[31m[33m>[31m
 [90m     |[31m           [31m[1m^[22m[31m
 [90m 486 |[31m   )[33m;[31m
 [90m 487 |[31m }
 [90m 488 |[31m[0m[39m
  Plugin: [35mvite:react-babel[39m
  File: [36mC:/Users/rohsh/Projects/monorepo/LabNote/frontend/src/pages/AdminPage.tsx[39m:485:10
[33m  483|          {error && <p className="error">{error}</p>}
  484|        </section>
  485|      </div>
     |            ^
  486|    );
  487|  }[39m
      at constructor (C:\Users\rohsh\Projects\monorepo\LabNote\frontend\node_modules\@babel\parser\lib\index.js:365:19)
      at TypeScriptParserMixin.raise (C:\Users\rohsh\Projects\monorepo\LabNote\frontend\node_modules\@babel\parser\lib\index.js:6599:19)
      at TypeScriptParserMixin.jsxReadToken (C:\Users\rohsh\Projects\monorepo\LabNote\frontend\node_modules\@babel\parser\lib\index.js:4448:20)
      at TypeScriptParserMixin.getTokenFromCode (C:\Users\rohsh\Projects\monorepo\LabNote\frontend\node_modules\@babel\parser\lib\index.js:4774:12)
      at TypeScriptParserMixin.getTokenFromCode (C:\Users\rohsh\Projects\monorepo\LabNote\frontend\node_modules\@babel\parser\lib\index.js:9987:11)
      at TypeScriptParserMixin.nextToken (C:\Users\rohsh\Projects\monorepo\LabNote\frontend\node_modules\@babel\parser\lib\index.js:5782:10)
      at TypeScriptParserMixin.next (C:\Users\rohsh\Projects\monorepo\LabNote\frontend\node_modules\@babel\parser\lib\index.js:5692:10)
      at TypeScriptParserMixin.eat (C:\Users\rohsh\Projects\monorepo\LabNote\frontend\node_modules\@babel\parser\lib\index.js:5696:12)
      at TypeScriptParserMixin.expect (C:\Users\rohsh\Projects\monorepo\LabNote\frontend\node_modules\@babel\parser\lib\index.js:6898:15)
      at TypeScriptParserMixin.jsxParseClosingElementAt (C:\Users\rohsh\Projects\monorepo\LabNote\frontend\node_modules\@babel\parser\lib\index.js:4680:10)
      at TypeScriptParserMixin.jsxParseElementAt (C:\Users\rohsh\Projects\monorepo\LabNote\frontend\node_modules\@babel\parser\lib\index.js:4695:37)
      at TypeScriptParserMixin.jsxParseElementAt (C:\Users\rohsh\Projects\monorepo\LabNote\frontend\node_modules\@babel\parser\lib\index.js:4698:32)
      at TypeScriptParserMixin.jsxParseElement (C:\Users\rohsh\Projects\monorepo\LabNote\frontend\node_modules\@babel\parser\lib\index.js:4749:17)
      at TypeScriptParserMixin.parseExprAtom (C:\Users\rohsh\Projects\monorepo\LabNote\frontend\node_modules\@babel\parser\lib\index.js:4759:19)
      at TypeScriptParserMixin.parseExprSubscripts (C:\Users\rohsh\Projects\monorepo\LabNote\frontend\node_modules\@babel\parser\lib\index.js:11081:23)
      at TypeScriptParserMixin.parseUpdate (C:\Users\rohsh\Projects\monorepo\LabNote\frontend\node_modules\@babel\parser\lib\index.js:11066:21)
      at TypeScriptParserMixin.parseMaybeUnary (C:\Users\rohsh\Projects\monorepo\LabNote\frontend\node_modules\@babel\parser\lib\index.js:11046:23)
      at TypeScriptParserMixin.parseMaybeUnary (C:\Users\rohsh\Projects\monorepo\LabNote\frontend\node_modules\@babel\parser\lib\index.js:9837:18)
      at TypeScriptParserMixin.parseMaybeUnaryOrPrivate (C:\Users\rohsh\Projects\monorepo\LabNote\frontend\node_modules\@babel\parser\lib\index.js:10899:61)
      at TypeScriptParserMixin.parseExprOps (C:\Users\rohsh\Projects\monorepo\LabNote\frontend\node_modules\@babel\parser\lib\index.js:10904:23)
      at TypeScriptParserMixin.parseMaybeConditional (C:\Users\rohsh\Projects\monorepo\LabNote\frontend\node_modules\@babel\parser\lib\index.js:10881:23)
      at TypeScriptParserMixin.parseMaybeAssign (C:\Users\rohsh\Projects\monorepo\LabNote\frontend\node_modules\@babel\parser\lib\index.js:10831:21)
      at C:\Users\rohsh\Projects\monorepo\LabNote\frontend\node_modules\@babel\parser\lib\index.js:9775:39
      at TypeScriptParserMixin.tryParse (C:\Users\rohsh\Projects\monorepo\LabNote\frontend\node_modules\@babel\parser\lib\index.js:6907:20)
      at TypeScriptParserMixin.parseMaybeAssign (C:\Users\rohsh\Projects\monorepo\LabNote\frontend\node_modules\@babel\parser\lib\index.js:9775:18)
      at C:\Users\rohsh\Projects\monorepo\LabNote\frontend\node_modules\@babel\parser\lib\index.js:10800:39
      at TypeScriptParserMixin.allowInAnd (C:\Users\rohsh\Projects\monorepo\LabNote\frontend\node_modules\@babel\parser\lib\index.js:12426:12)
      at TypeScriptParserMixin.parseMaybeAssignAllowIn (C:\Users\rohsh\Projects\monorepo\LabNote\frontend\node_modules\@babel\parser\lib\index.js:10800:17)
      at TypeScriptParserMixin.parseMaybeAssignAllowInOrVoidPattern (C:\Users\rohsh\Projects\monorepo\LabNote\frontend\node_modules\@babel\parser\lib\index.js:12493:17)
      at TypeScriptParserMixin.parseParenAndDistinguishExpression (C:\Users\rohsh\Projects\monorepo\LabNote\frontend\node_modules\@babel\parser\lib\index.js:11675:28)
      at TypeScriptParserMixin.parseExprAtom (C:\Users\rohsh\Projects\monorepo\LabNote\frontend\node_modules\@babel\parser\lib\index.js:11331:23)
      at TypeScriptParserMixin.parseExprAtom (C:\Users\rohsh\Projects\monorepo\LabNote\frontend\node_modules\@babel\parser\lib\index.js:4764:20)
      at TypeScriptParserMixin.parseExprSubscripts (C:\Users\rohsh\Projects\monorepo\LabNote\frontend\node_modules\@babel\parser\lib\index.js:11081:23)
      at TypeScriptParserMixin.parseUpdate (C:\Users\rohsh\Projects\monorepo\LabNote\frontend\node_modules\@babel\parser\lib\index.js:11066:21)
      at TypeScriptParserMixin.parseMaybeUnary (C:\Users\rohsh\Projects\monorepo\LabNote\frontend\node_modules\@babel\parser\lib\index.js:11046:23)
      at TypeScriptParserMixin.parseMaybeUnary (C:\Users\rohsh\Projects\monorepo\LabNote\frontend\node_modules\@babel\parser\lib\index.js:9837:18)
      at TypeScriptParserMixin.parseMaybeUnaryOrPrivate (C:\Users\rohsh\Projects\monorepo\LabNote\frontend\node_modules\@babel\parser\lib\index.js:10899:61)
      at TypeScriptParserMixin.parseExprOps (C:\Users\rohsh\Projects\monorepo\LabNote\frontend\node_modules\@babel\parser\lib\index.js:10904:23)
      at TypeScriptParserMixin.parseMaybeConditional (C:\Users\rohsh\Projects\monorepo\LabNote\frontend\node_modules\@babel\parser\lib\index.js:10881:23)
      at TypeScriptParserMixin.parseMaybeAssign (C:\Users\rohsh\Projects\monorepo\LabNote\frontend\node_modules\@babel\parser\lib\index.js:10831:21)
      at TypeScriptParserMixin.parseMaybeAssign (C:\Users\rohsh\Projects\monorepo\LabNote\frontend\node_modules\@babel\parser\lib\index.js:9786:20)
      at TypeScriptParserMixin.parseExpressionBase (C:\Users\rohsh\Projects\monorepo\LabNote\frontend\node_modules\@babel\parser\lib\index.js:10784:23)
      at C:\Users\rohsh\Projects\monorepo\LabNote\frontend\node_modules\@babel\parser\lib\index.js:10780:39
      at TypeScriptParserMixin.allowInAnd (C:\Users\rohsh\Projects\monorepo\LabNote\frontend\node_modules\@babel\parser\lib\index.js:12421:16)
      at TypeScriptParserMixin.parseExpression (C:\Users\rohsh\Projects\monorepo\LabNote\frontend\node_modules\@babel\parser\lib\index.js:10780:17)
      at TypeScriptParserMixin.parseReturnStatement (C:\Users\rohsh\Projects\monorepo\LabNote\frontend\node_modules\@babel\parser\lib\index.js:13142:28)
      at TypeScriptParserMixin.parseStatementContent (C:\Users\rohsh\Projects\monorepo\LabNote\frontend\node_modules\@babel\parser\lib\index.js:12798:21)
      at TypeScriptParserMixin.parseStatementContent (C:\Users\rohsh\Projects\monorepo\LabNote\frontend\node_modules\@babel\parser\lib\index.js:9508:18)
      at TypeScriptParserMixin.parseStatementLike (C:\Users\rohsh\Projects\monorepo\LabNote\frontend\node_modules\@babel\parser\lib\index.js:12767:17)
      at TypeScriptParserMixin.parseStatementListItem (C:\Users\rohsh\Projects\monorepo\LabNote\frontend\node_modules\@babel\parser\lib\index.js:12747:17)
